// Vitest Snapshot v1, https://vitest.dev/guide/snapshot.html

exports[`Template > can render with defaults 1`] = `
<DocumentFragment>
  <form
    class="ant-form ant-form-vertical css-dev-only-do-not-override-mncuj7"
  >
    <div
      class="ant-form-item css-dev-only-do-not-override-mncuj7 ant-form-item-vertical"
    >
      <div
        class="ant-row ant-form-item-row css-dev-only-do-not-override-mncuj7"
      >
        <div
          class="ant-col ant-form-item-label css-dev-only-do-not-override-mncuj7"
        >
          <label
            class=""
            title="布局"
          >
            布局
          </label>
        </div>
        <div
          class="ant-col ant-form-item-control css-dev-only-do-not-override-mncuj7"
        >
          <div
            class="ant-form-item-control-input"
          >
            <div
              class="ant-form-item-control-input-content"
            >
              <div
                class="ant-radio-group ant-radio-group-outline css-dev-only-do-not-override-mncuj7"
              >
                <label
                  class="ant-radio-button-wrapper ant-radio-button-wrapper-checked ant-radio-button-wrapper-in-form-item css-dev-only-do-not-override-mncuj7"
                >
                  <span
                    class="ant-radio-button ant-radio-button-checked"
                  >
                    <input
                      checked=""
                      class="ant-radio-button-input"
                      name="test-id"
                      type="radio"
                      value="vertical"
                    />
                    <span
                      class="ant-radio-button-inner"
                    />
                  </span>
                  <span
                    class="ant-radio-button-label"
                  >
                    纵向
                  </span>
                </label>
                <label
                  class="ant-radio-button-wrapper ant-radio-button-wrapper-in-form-item css-dev-only-do-not-override-mncuj7"
                >
                  <span
                    class="ant-radio-button"
                  >
                    <input
                      class="ant-radio-button-input"
                      name="test-id"
                      type="radio"
                      value="horizontal"
                    />
                    <span
                      class="ant-radio-button-inner"
                    />
                  </span>
                  <span
                    class="ant-radio-button-label"
                  >
                    横向
                  </span>
                </label>
              </div>
            </div>
          </div>
        </div>
      </div>
    </div>
    <div
      class="ant-form-item css-dev-only-do-not-override-mncuj7 ant-form-item-vertical"
    >
      <div
        class="ant-row ant-form-item-row css-dev-only-do-not-override-mncuj7"
      >
        <div
          class="ant-col ant-form-item-label css-dev-only-do-not-override-mncuj7"
        >
          <label
            class=""
            title="画布尺寸"
          >
            画布尺寸
          </label>
        </div>
        <div
          class="ant-col ant-form-item-control css-dev-only-do-not-override-mncuj7"
        >
          <div
            class="ant-form-item-control-input"
          >
            <div
              class="ant-form-item-control-input-content"
            >
              <div
                class="ant-radio-group ant-radio-group-outline css-dev-only-do-not-override-mncuj7"
              >
                <label
                  class="ant-radio-button-wrapper ant-radio-button-wrapper-checked ant-radio-button-wrapper-in-form-item css-dev-only-do-not-override-mncuj7"
                  style="height: auto; padding: 4px 12px;"
                >
                  <span
                    class="ant-radio-button ant-radio-button-checked"
                  >
                    <input
                      checked=""
                      class="ant-radio-button-input"
                      name="test-id"
                      type="radio"
                      value="A4"
                    />
                    <span
                      class="ant-radio-button-inner"
                    />
                  </span>
                  <span
                    class="ant-radio-button-label"
                  >
                    <div
                      style="text-align: center;"
                    >
                      <div>
                        A4
                      </div>
                      <div
                        style="font-size: 11px; color: rgb(153, 153, 153);"
                      >
                        经典纸张
                      </div>
                    </div>
                  </span>
                </label>
                <label
                  class="ant-radio-button-wrapper ant-radio-button-wrapper-in-form-item css-dev-only-do-not-override-mncuj7"
                  style="height: auto; padding: 4px 12px;"
                >
                  <span
                    class="ant-radio-button"
                  >
                    <input
                      class="ant-radio-button-input"
                      name="test-id"
                      type="radio"
                      value="正方形"
                    />
                    <span
                      class="ant-radio-button-inner"
                    />
                  </span>
                  <span
                    class="ant-radio-button-label"
                  >
                    <div
                      style="text-align: center;"
                    >
                      <div>
                        正方形
                      </div>
                      <div
                        style="font-size: 11px; color: rgb(153, 153, 153);"
                      >
                        社媒
                      </div>
                    </div>
                  </span>
                </label>
                <label
                  class="ant-radio-button-wrapper ant-radio-button-wrapper-in-form-item css-dev-only-do-not-override-mncuj7"
                  style="height: auto; padding: 4px 12px;"
                >
                  <span
                    class="ant-radio-button"
                  >
                    <input
                      class="ant-radio-button-input"
                      name="test-id"
                      type="radio"
                      value="手机壁纸"
                    />
                    <span
                      class="ant-radio-button-inner"
                    />
                  </span>
                  <span
                    class="ant-radio-button-label"
                  >
                    <div
                      style="text-align: center;"
                    >
                      <div>
                        手机壁纸
                      </div>
                      <div
                        style="font-size: 11px; color: rgb(153, 153, 153);"
                      >
                        手机壁纸
                      </div>
                    </div>
                  </span>
                </label>
                <label
                  class="ant-radio-button-wrapper ant-radio-button-wrapper-in-form-item css-dev-only-do-not-override-mncuj7"
                  style="height: auto; padding: 4px 12px;"
                >
                  <span
                    class="ant-radio-button"
                  >
                    <input
                      class="ant-radio-button-input"
                      name="test-id"
                      type="radio"
                      value="PC"
                    />
                    <span
                      class="ant-radio-button-inner"
                    />
                  </span>
                  <span
                    class="ant-radio-button-label"
                  >
                    <div
                      style="text-align: center;"
                    >
                      <div>
                        PC
                      </div>
                      <div
                        style="font-size: 11px; color: rgb(153, 153, 153);"
                      >
                        PC壁纸
                      </div>
                    </div>
                  </span>
                </label>
              </div>
              <div
                style="color: rgb(153, 153, 153); font-size: 12px; margin-top: 4px;"
              >
                210 × 297 mm
              </div>
            </div>
          </div>
        </div>
      </div>
    </div>
    <div
      class="ant-form-item css-dev-only-do-not-override-mncuj7 ant-form-item-vertical"
    >
      <div
        class="ant-row ant-form-item-row css-dev-only-do-not-override-mncuj7"
      >
        <div
          class="ant-col ant-form-item-label css-dev-only-do-not-override-mncuj7"
        >
          <label
            class=""
            title="预览"
          >
            预览
          </label>
        </div>
        <div
          class="ant-col ant-form-item-control css-dev-only-do-not-override-mncuj7"
        >
          <div
            class="ant-form-item-control-input"
          >
            <div
              class="ant-form-item-control-input-content"
            >
              <input
                class="ant-input css-dev-only-do-not-override-mncuj7 ant-input-outlined"
                readonly=""
                type="text"
                value="1587 × 2245 px（0.71:1）"
              />
            </div>
          </div>
        </div>
      </div>
    </div>
  </form>
</DocumentFragment>
`;
